
> @antonycc/oidc@0.1.0 test
> npm run test:unit && npm run test:system


> @antonycc/oidc@0.1.0 test:unit
> vitest run


[1m[46m RUN [49m[22m [36mv3.2.4 [39m[90m/home/runner/work/oidc/oidc[39m

 [32m✓[39m app/test/post-auth-integration.test.mjs [2m([22m[2m2 tests[22m[2m)[22m[32m 7[2mms[22m[39m
 [32m✓[39m app/test/utils.test.mjs [2m([22m[2m18 tests[22m[2m)[22m[32m 20[2mms[22m[39m
 [32m✓[39m app/test/html-integration.test.mjs [2m([22m[2m3 tests[22m[2m)[22m[32m 9[2mms[22m[39m
[90mstdout[2m | app/test/concurrent-auth-flow.test.mjs[2m > [22m[2mConcurrent auth->token->userinfo flows[2m > [22m[2mcompletes single auth flow successfully
[22m[39m{"level":"info","ts":"2025-09-14T12:26:11.678Z","msg":"authorize POST {\"response_type\":\"code\",\"client_id\":\"self-client\",\"redirect_uri\":\"http://127.0.0.1:41859/post-auth.html\",\"scope\":\"openid email profile\",\"state\":\"-JfyXBm6AbA5m9RqffVaEYa2FvR8fKXT\",\"nonce\":\"4SzClCRLhEjONwvX\",\"code_challenge\":\"***43chars\",\"code_challenge_method\":\"S256\",\"username\":\"test-user\",\"password\":\"***10chars\"}"}
{"level":"info","ts":"2025-09-14T12:26:11.679Z","msg":"client_found self-client"}
{"level":"info","ts":"2025-09-14T12:26:11.679Z","msg":"client_found self-client"}
{"level":"info","ts":"2025-09-14T12:26:11.679Z","msg":"redirect_validation in  [\"http://127.0.0.1:41859/post-auth.html\",\"http://127.0.0.1:41859/callback.html\",\"http://127.0.0.1:41859/login-callback.html\"] self-client http://127.0.0.1:41859/post-auth.html valid"}
{"level":"info","ts":"2025-09-14T12:26:11.679Z","msg":"client_found self-client"}
{"level":"info","ts":"2025-09-14T12:26:11.679Z","msg":"scope_validation self-client openid email profile valid"}
{"level":"info","ts":"2025-09-14T12:26:11.679Z","msg":"client_found self-client"}

[90mstdout[2m | app/test/concurrent-auth-flow.test.mjs[2m > [22m[2mConcurrent auth->token->userinfo flows[2m > [22m[2mcompletes single auth flow successfully
[22m[39m{"level":"info","ts":"2025-09-14T12:26:11.681Z","msg":"redirect http://127.0.0.1:41859/post-auth.html?code=01K54319AZC9PR47ZSJBT4CQ7Q&state=-JfyXBm6AbA5m9RqffVaEYa2FvR8fKXT"}

[90mstdout[2m | app/test/concurrent-auth-flow.test.mjs[2m > [22m[2mConcurrent auth->token->userinfo flows[2m > [22m[2mcompletes single auth flow successfully
[22m[39m{"level":"info","ts":"2025-09-14T12:26:11.752Z","msg":"token_request self-client http://127.0.0.1:41859/post-auth.html has_code: ***26chars"}
{"level":"info","ts":"2025-09-14T12:26:11.752Z","msg":"client_found self-client"}
{"level":"info","ts":"2025-09-14T12:26:11.752Z","msg":"token_request_parameters_present self-client {\"hasCode\":true,\"hasRedirect\":true,\"hasPkceVerifier\":true,\"pkceRequired\":true} ***26chars"}
{"level":"info","ts":"2025-09-14T12:26:11.752Z","msg":"client_found self-client"}
{"level":"info","ts":"2025-09-14T12:26:11.753Z","msg":"client_auth_success public_client self-client"}
{"level":"info","ts":"2025-09-14T12:26:11.753Z","msg":"client_authenticated self-client"}

[90mstdout[2m | app/test/concurrent-auth-flow.test.mjs[2m > [22m[2mConcurrent auth->token->userinfo flows[2m > [22m[2mcompletes single auth flow successfully
[22m[39m{"level":"info","ts":"2025-09-14T12:26:11.753Z","msg":"token_request_validation row for code {\"codeExists\":true} ***26chars"}
{"level":"info","ts":"2025-09-14T12:26:11.753Z","msg":"authorization_code_found {\"sub\":\"test-user\",\"client\":\"self-client\"} ***26chars"}
{"level":"info","ts":"2025-09-14T12:26:11.753Z","msg":"authorization_code_valid {\"used\":false,\"ttl\":1757852951,\"now\":1757852771}"}
{"level":"info","ts":"2025-09-14T12:26:11.753Z","msg":"authorization_code_challenge_method S256"}
{"level":"info","ts":"2025-09-14T12:26:11.753Z","msg":"token_client_id_validated self-client {\"clientValidated\":true} ***26chars"}
{"level":"info","ts":"2025-09-14T12:26:11.753Z","msg":"token_redirect_uri_validated http://127.0.0.1:41859/post-auth.html {\"redirectValidated\":true} ***26chars"}
{"level":"info","ts":"2025-09-14T12:26:11.753Z","msg":"pkce_verification_success {\"challengeMethod\":\"S256\"}"}
{"level":"info","ts":"2025-09-14T12:26:11.753Z","msg":"token_request_validated self-client {\"codeValidated\":true,\"sub\":\"test-user\"} ***26chars"}

[90mstdout[2m | app/test/concurrent-auth-flow.test.mjs[2m > [22m[2mConcurrent auth->token->userinfo flows[2m > [22m[2mcompletes single auth flow successfully
[22m[39m{"level":"info","ts":"2025-09-14T12:26:11.754Z","msg":"generating_new_keys"}

 [32m✓[39m app/test/post-auth-status.test.mjs [2m([22m[2m3 tests[22m[2m)[22m[32m 7[2mms[22m[39m
[90mstdout[2m | app/system/api.system.test.mjs[2m > [22m[2msystem: express server authorize -> token -> userinfo[2m > [22m[2mflows from authorize to userinfo
[22m[39m{"level":"info","ts":"2025-09-14T12:26:11.940Z","msg":"authorize POST {\"response_type\":\"code\",\"client_id\":\"self-client\",\"redirect_uri\":\"http://127.0.0.1:33307/post-auth.html\",\"scope\":\"openid email profile\",\"state\":\"-5kbY2NGlqXnNgZMLSKAU0fiZeFLqB5g\",\"nonce\":\"gzkXVZ3PQzBnoA9H\",\"code_challenge\":\"***43chars\",\"code_challenge_method\":\"S256\",\"username\":\"test-user\",\"password\":\"***10chars\"}"}
{"level":"info","ts":"2025-09-14T12:26:11.940Z","msg":"client_found self-client"}
{"level":"info","ts":"2025-09-14T12:26:11.940Z","msg":"client_found self-client"}
{"level":"info","ts":"2025-09-14T12:26:11.940Z","msg":"redirect_validation in  [\"http://127.0.0.1:33307/post-auth.html\",\"http://127.0.0.1:33307/callback.html\",\"http://127.0.0.1:33307/login-callback.html\"] self-client http://127.0.0.1:33307/post-auth.html valid"}
{"level":"info","ts":"2025-09-14T12:26:11.940Z","msg":"client_found self-client"}
{"level":"info","ts":"2025-09-14T12:26:11.941Z","msg":"scope_validation self-client openid email profile valid"}
{"level":"info","ts":"2025-09-14T12:26:11.941Z","msg":"client_found self-client"}

[90mstdout[2m | app/system/api.system.test.mjs[2m > [22m[2msystem: express server authorize -> token -> userinfo[2m > [22m[2mflows from authorize to userinfo
[22m[39m{"level":"info","ts":"2025-09-14T12:26:11.942Z","msg":"redirect http://127.0.0.1:33307/post-auth.html?code=01K54319K548YCME3VRAH47M0X&state=-5kbY2NGlqXnNgZMLSKAU0fiZeFLqB5g"}

[90mstdout[2m | app/system/api.system.test.mjs[2m > [22m[2msystem: express server authorize -> token -> userinfo[2m > [22m[2mflows from authorize to userinfo
[22m[39m{"level":"info","ts":"2025-09-14T12:26:12.006Z","msg":"token_request self-client http://127.0.0.1:33307/post-auth.html has_code: ***26chars"}
{"level":"info","ts":"2025-09-14T12:26:12.006Z","msg":"client_found self-client"}
{"level":"info","ts":"2025-09-14T12:26:12.006Z","msg":"token_request_parameters_present self-client {\"hasCode\":true,\"hasRedirect\":true,\"hasPkceVerifier\":true,\"pkceRequired\":true} ***26chars"}
{"level":"info","ts":"2025-09-14T12:26:12.006Z","msg":"client_found self-client"}
{"level":"info","ts":"2025-09-14T12:26:12.006Z","msg":"client_auth_success public_client self-client"}
{"level":"info","ts":"2025-09-14T12:26:12.006Z","msg":"client_authenticated self-client"}

[90mstdout[2m | app/system/api.system.test.mjs[2m > [22m[2msystem: express server authorize -> token -> userinfo[2m > [22m[2mflows from authorize to userinfo
[22m[39m{"level":"info","ts":"2025-09-14T12:26:12.007Z","msg":"token_request_validation row for code {\"codeExists\":true} ***26chars"}
{"level":"info","ts":"2025-09-14T12:26:12.007Z","msg":"authorization_code_found {\"sub\":\"test-user\",\"client\":\"self-client\"} ***26chars"}
{"level":"info","ts":"2025-09-14T12:26:12.007Z","msg":"authorization_code_valid {\"used\":false,\"ttl\":1757852951,\"now\":1757852772}"}
{"level":"info","ts":"2025-09-14T12:26:12.007Z","msg":"authorization_code_challenge_method S256"}
{"level":"info","ts":"2025-09-14T12:26:12.007Z","msg":"token_client_id_validated self-client {\"clientValidated\":true} ***26chars"}
{"level":"info","ts":"2025-09-14T12:26:12.007Z","msg":"token_redirect_uri_validated http://127.0.0.1:33307/post-auth.html {\"redirectValidated\":true} ***26chars"}
{"level":"info","ts":"2025-09-14T12:26:12.007Z","msg":"pkce_verification_success {\"challengeMethod\":\"S256\"}"}
{"level":"info","ts":"2025-09-14T12:26:12.007Z","msg":"token_request_validated self-client {\"codeValidated\":true,\"sub\":\"test-user\"} ***26chars"}

[90mstdout[2m | app/system/api.system.test.mjs[2m > [22m[2msystem: express server authorize -> token -> userinfo[2m > [22m[2mflows from authorize to userinfo
[22m[39m{"level":"info","ts":"2025-09-14T12:26:12.008Z","msg":"generating_new_keys"}

[90mstdout[2m | app/test/concurrent-auth-flow.test.mjs[2m > [22m[2mConcurrent auth->token->userinfo flows[2m > [22m[2mcompletes single auth flow successfully
[22m[39m{"level":"info","ts":"2025-09-14T12:26:12.072Z","msg":"keys_saved_to_store"}

[90mstdout[2m | app/test/concurrent-auth-flow.test.mjs[2m > [22m[2mConcurrent auth->token->userinfo flows[2m > [22m[2mcompletes single auth flow successfully
[22m[39m{"level":"info","ts":"2025-09-14T12:26:12.078Z","msg":"token_issued test-user"}

[90mstdout[2m | app/test/concurrent-auth-flow.test.mjs[2m > [22m[2mConcurrent auth->token->userinfo flows[2m > [22m[2mcompletes single auth flow successfully
[22m[39m{"level":"info","ts":"2025-09-14T12:26:12.102Z","msg":"userinfo_request"}
{"level":"info","ts":"2025-09-14T12:26:12.102Z","msg":"validating_access_token"}

[90mstdout[2m | app/test/concurrent-auth-flow.test.mjs[2m > [22m[2mConcurrent auth->token->userinfo flows[2m > [22m[2mcompletes single auth flow successfully
[22m[39m{"level":"info","ts":"2025-09-14T12:26:12.104Z","msg":"access_token_valid sub: test-user"}
{"level":"info","ts":"2025-09-14T12:26:12.104Z","msg":"no_users_table_configured"}

[90mstdout[2m | app/test/concurrent-auth-flow.test.mjs[2m > [22m[2mConcurrent auth->token->userinfo flows[2m > [22m[2mhandles multiple concurrent auth flows
[22m[39m{"level":"info","ts":"2025-09-14T12:26:12.120Z","msg":"authorize POST {\"response_type\":\"code\",\"client_id\":\"self-client\",\"redirect_uri\":\"http://127.0.0.1:41859/post-auth.html\",\"scope\":\"openid email profile\",\"state\":\"-dOynwQuOKmpaJxi5-I41a89voj5TS0D\",\"nonce\":\"nUgigjdR9LdlPE84\",\"code_challenge\":\"***43chars\",\"code_challenge_method\":\"S256\",\"username\":\"user-0\",\"password\":\"***10chars\"}"}
{"level":"info","ts":"2025-09-14T12:26:12.120Z","msg":"client_found self-client"}
{"level":"info","ts":"2025-09-14T12:26:12.120Z","msg":"client_found self-client"}
{"level":"info","ts":"2025-09-14T12:26:12.120Z","msg":"redirect_validation in  [\"http://127.0.0.1:41859/post-auth.html\",\"http://127.0.0.1:41859/callback.html\",\"http://127.0.0.1:41859/login-callback.html\"] self-client http://127.0.0.1:41859/post-auth.html valid"}
{"level":"info","ts":"2025-09-14T12:26:12.120Z","msg":"client_found self-client"}
{"level":"info","ts":"2025-09-14T12:26:12.121Z","msg":"scope_validation self-client openid email profile valid"}
{"level":"info","ts":"2025-09-14T12:26:12.121Z","msg":"client_found self-client"}

[90mstdout[2m | app/test/concurrent-auth-flow.test.mjs[2m > [22m[2mConcurrent auth->token->userinfo flows[2m > [22m[2mhandles multiple concurrent auth flows
[22m[39m{"level":"info","ts":"2025-09-14T12:26:12.121Z","msg":"redirect http://127.0.0.1:41859/post-auth.html?code=01K54319RS26GSV66RHPN373WR&state=-dOynwQuOKmpaJxi5-I41a89voj5TS0D"}

[90mstdout[2m | app/test/concurrent-auth-flow.test.mjs[2m > [22m[2mConcurrent auth->token->userinfo flows[2m > [22m[2mhandles multiple concurrent auth flows
[22m[39m{"level":"info","ts":"2025-09-14T12:26:12.127Z","msg":"authorize POST {\"response_type\":\"code\",\"client_id\":\"self-client\",\"redirect_uri\":\"http://127.0.0.1:41859/post-auth.html\",\"scope\":\"openid email profile\",\"state\":\"AL32tWOd1Fwe80iK2-SoWXnzFl_FhEQn\",\"nonce\":\"Yw_fjw5LHmVJg6Vn\",\"code_challenge\":\"***43chars\",\"code_challenge_method\":\"S256\",\"username\":\"user-1\",\"password\":\"***10chars\"}"}
{"level":"info","ts":"2025-09-14T12:26:12.127Z","msg":"client_found self-client"}
{"level":"info","ts":"2025-09-14T12:26:12.127Z","msg":"client_found self-client"}
{"level":"info","ts":"2025-09-14T12:26:12.127Z","msg":"redirect_validation in  [\"http://127.0.0.1:41859/post-auth.html\",\"http://127.0.0.1:41859/callback.html\",\"http://127.0.0.1:41859/login-callback.html\"] self-client http://127.0.0.1:41859/post-auth.html valid"}
{"level":"info","ts":"2025-09-14T12:26:12.128Z","msg":"client_found self-client"}
{"level":"info","ts":"2025-09-14T12:26:12.128Z","msg":"scope_validation self-client openid email profile valid"}
{"level":"info","ts":"2025-09-14T12:26:12.128Z","msg":"client_found self-client"}

[90mstdout[2m | app/test/concurrent-auth-flow.test.mjs[2m > [22m[2mConcurrent auth->token->userinfo flows[2m > [22m[2mhandles multiple concurrent auth flows
[22m[39m{"level":"info","ts":"2025-09-14T12:26:12.128Z","msg":"redirect http://127.0.0.1:41859/post-auth.html?code=01K54319S07D646971314JQNJ9&state=AL32tWOd1Fwe80iK2-SoWXnzFl_FhEQn"}

[90mstdout[2m | app/test/concurrent-auth-flow.test.mjs[2m > [22m[2mConcurrent auth->token->userinfo flows[2m > [22m[2mhandles multiple concurrent auth flows
[22m[39m{"level":"info","ts":"2025-09-14T12:26:12.129Z","msg":"token_request self-client http://127.0.0.1:41859/post-auth.html has_code: ***26chars"}
{"level":"info","ts":"2025-09-14T12:26:12.129Z","msg":"client_found self-client"}
{"level":"info","ts":"2025-09-14T12:26:12.129Z","msg":"token_request_parameters_present self-client {\"hasCode\":true,\"hasRedirect\":true,\"hasPkceVerifier\":true,\"pkceRequired\":true} ***26chars"}
{"level":"info","ts":"2025-09-14T12:26:12.129Z","msg":"client_found self-client"}
{"level":"info","ts":"2025-09-14T12:26:12.129Z","msg":"client_auth_success public_client self-client"}
{"level":"info","ts":"2025-09-14T12:26:12.129Z","msg":"client_authenticated self-client"}

[90mstdout[2m | app/test/concurrent-auth-flow.test.mjs[2m > [22m[2mConcurrent auth->token->userinfo flows[2m > [22m[2mhandles multiple concurrent auth flows
[22m[39m{"level":"info","ts":"2025-09-14T12:26:12.129Z","msg":"token_request_validation row for code {\"codeExists\":true} ***26chars"}
{"level":"info","ts":"2025-09-14T12:26:12.130Z","msg":"authorization_code_found {\"sub\":\"user-0\",\"client\":\"self-client\"} ***26chars"}
{"level":"info","ts":"2025-09-14T12:26:12.130Z","msg":"authorization_code_valid {\"used\":false,\"ttl\":1757852952,\"now\":1757852772}"}
{"level":"info","ts":"2025-09-14T12:26:12.130Z","msg":"authorization_code_challenge_method S256"}
{"level":"info","ts":"2025-09-14T12:26:12.130Z","msg":"token_client_id_validated self-client {\"clientValidated\":true} ***26chars"}
{"level":"info","ts":"2025-09-14T12:26:12.130Z","msg":"token_redirect_uri_validated http://127.0.0.1:41859/post-auth.html {\"redirectValidated\":true} ***26chars"}
{"level":"info","ts":"2025-09-14T12:26:12.130Z","msg":"pkce_verification_success {\"challengeMethod\":\"S256\"}"}
{"level":"info","ts":"2025-09-14T12:26:12.130Z","msg":"token_request_validated self-client {\"codeValidated\":true,\"sub\":\"user-0\"} ***26chars"}

[90mstdout[2m | app/test/concurrent-auth-flow.test.mjs[2m > [22m[2mConcurrent auth->token->userinfo flows[2m > [22m[2mhandles multiple concurrent auth flows
[22m[39m{"level":"info","ts":"2025-09-14T12:26:12.135Z","msg":"authorize POST {\"response_type\":\"code\",\"client_id\":\"self-client\",\"redirect_uri\":\"http://127.0.0.1:41859/post-auth.html\",\"scope\":\"openid email profile\",\"state\":\"Cu4tfF3AD_IWwCqPkY4XJCiZNWJbgJB5\",\"nonce\":\"w6ttcJVgCovo8HWu\",\"code_challenge\":\"***43chars\",\"code_challenge_method\":\"S256\",\"username\":\"user-2\",\"password\":\"***10chars\"}"}
{"level":"info","ts":"2025-09-14T12:26:12.135Z","msg":"client_found self-client"}
{"level":"info","ts":"2025-09-14T12:26:12.135Z","msg":"client_found self-client"}
{"level":"info","ts":"2025-09-14T12:26:12.135Z","msg":"redirect_validation in  [\"http://127.0.0.1:41859/post-auth.html\",\"http://127.0.0.1:41859/callback.html\",\"http://127.0.0.1:41859/login-callback.html\"] self-client http://127.0.0.1:41859/post-auth.html valid"}
{"level":"info","ts":"2025-09-14T12:26:12.135Z","msg":"client_found self-client"}
{"level":"info","ts":"2025-09-14T12:26:12.135Z","msg":"scope_validation self-client openid email profile valid"}
{"level":"info","ts":"2025-09-14T12:26:12.135Z","msg":"client_found self-client"}

[90mstdout[2m | app/test/concurrent-auth-flow.test.mjs[2m > [22m[2mConcurrent auth->token->userinfo flows[2m > [22m[2mhandles multiple concurrent auth flows
[22m[39m{"level":"info","ts":"2025-09-14T12:26:12.135Z","msg":"redirect http://127.0.0.1:41859/post-auth.html?code=01K54319S7JFGK9JV3KGS286DJ&state=Cu4tfF3AD_IWwCqPkY4XJCiZNWJbgJB5"}

[90mstdout[2m | app/test/concurrent-auth-flow.test.mjs[2m > [22m[2mConcurrent auth->token->userinfo flows[2m > [22m[2mhandles multiple concurrent auth flows
[22m[39m{"level":"info","ts":"2025-09-14T12:26:12.137Z","msg":"token_request self-client http://127.0.0.1:41859/post-auth.html has_code: ***26chars"}
{"level":"info","ts":"2025-09-14T12:26:12.137Z","msg":"client_found self-client"}
{"level":"info","ts":"2025-09-14T12:26:12.137Z","msg":"token_request_parameters_present self-client {\"hasCode\":true,\"hasRedirect\":true,\"hasPkceVerifier\":true,\"pkceRequired\":true} ***26chars"}
{"level":"info","ts":"2025-09-14T12:26:12.137Z","msg":"client_found self-client"}
{"level":"info","ts":"2025-09-14T12:26:12.137Z","msg":"client_auth_success public_client self-client"}
{"level":"info","ts":"2025-09-14T12:26:12.137Z","msg":"client_authenticated self-client"}

[90mstdout[2m | app/test/concurrent-auth-flow.test.mjs[2m > [22m[2mConcurrent auth->token->userinfo flows[2m > [22m[2mhandles multiple concurrent auth flows
[22m[39m{"level":"info","ts":"2025-09-14T12:26:12.137Z","msg":"token_request_validation row for code {\"codeExists\":true} ***26chars"}
{"level":"info","ts":"2025-09-14T12:26:12.137Z","msg":"authorization_code_found {\"sub\":\"user-1\",\"client\":\"self-client\"} ***26chars"}
{"level":"info","ts":"2025-09-14T12:26:12.137Z","msg":"authorization_code_valid {\"used\":false,\"ttl\":1757852952,\"now\":1757852772}"}
{"level":"info","ts":"2025-09-14T12:26:12.137Z","msg":"authorization_code_challenge_method S256"}
{"level":"info","ts":"2025-09-14T12:26:12.137Z","msg":"token_client_id_validated self-client {\"clientValidated\":true} ***26chars"}
{"level":"info","ts":"2025-09-14T12:26:12.137Z","msg":"token_redirect_uri_validated http://127.0.0.1:41859/post-auth.html {\"redirectValidated\":true} ***26chars"}
{"level":"info","ts":"2025-09-14T12:26:12.137Z","msg":"pkce_verification_success {\"challengeMethod\":\"S256\"}"}
{"level":"info","ts":"2025-09-14T12:26:12.138Z","msg":"token_request_validated self-client {\"codeValidated\":true,\"sub\":\"user-1\"} ***26chars"}

[90mstdout[2m | app/test/concurrent-auth-flow.test.mjs[2m > [22m[2mConcurrent auth->token->userinfo flows[2m > [22m[2mhandles multiple concurrent auth flows
[22m[39m{"level":"info","ts":"2025-09-14T12:26:12.141Z","msg":"authorize POST {\"response_type\":\"code\",\"client_id\":\"self-client\",\"redirect_uri\":\"http://127.0.0.1:41859/post-auth.html\",\"scope\":\"openid email profile\",\"state\":\"IwRm5banugWOmQv-y4zypZgFlP59Uv3G\",\"nonce\":\"PHLLaGI8X-O1reHl\",\"code_challenge\":\"***43chars\",\"code_challenge_method\":\"S256\",\"username\":\"user-3\",\"password\":\"***10chars\"}"}
{"level":"info","ts":"2025-09-14T12:26:12.141Z","msg":"client_found self-client"}
{"level":"info","ts":"2025-09-14T12:26:12.141Z","msg":"client_found self-client"}
{"level":"info","ts":"2025-09-14T12:26:12.141Z","msg":"redirect_validation in  [\"http://127.0.0.1:41859/post-auth.html\",\"http://127.0.0.1:41859/callback.html\",\"http://127.0.0.1:41859/login-callback.html\"] self-client http://127.0.0.1:41859/post-auth.html valid"}
{"level":"info","ts":"2025-09-14T12:26:12.141Z","msg":"client_found self-client"}
{"level":"info","ts":"2025-09-14T12:26:12.141Z","msg":"scope_validation self-client openid email profile valid"}
{"level":"info","ts":"2025-09-14T12:26:12.141Z","msg":"client_found self-client"}

[90mstdout[2m | app/test/concurrent-auth-flow.test.mjs[2m > [22m[2mConcurrent auth->token->userinfo flows[2m > [22m[2mhandles multiple concurrent auth flows
[22m[39m{"level":"info","ts":"2025-09-14T12:26:12.141Z","msg":"redirect http://127.0.0.1:41859/post-auth.html?code=01K54319SDA5JXAQS06M76R1DS&state=IwRm5banugWOmQv-y4zypZgFlP59Uv3G"}

[90mstdout[2m | app/test/concurrent-auth-flow.test.mjs[2m > [22m[2mConcurrent auth->token->userinfo flows[2m > [22m[2mhandles multiple concurrent auth flows
[22m[39m{"level":"info","ts":"2025-09-14T12:26:12.148Z","msg":"token_request self-client http://127.0.0.1:41859/post-auth.html has_code: ***26chars"}
{"level":"info","ts":"2025-09-14T12:26:12.148Z","msg":"client_found self-client"}
{"level":"info","ts":"2025-09-14T12:26:12.149Z","msg":"token_request_parameters_present self-client {\"hasCode\":true,\"hasRedirect\":true,\"hasPkceVerifier\":true,\"pkceRequired\":true} ***26chars"}
{"level":"info","ts":"2025-09-14T12:26:12.149Z","msg":"client_found self-client"}
{"level":"info","ts":"2025-09-14T12:26:12.149Z","msg":"client_auth_success public_client self-client"}
{"level":"info","ts":"2025-09-14T12:26:12.149Z","msg":"client_authenticated self-client"}

[90mstdout[2m | app/test/concurrent-auth-flow.test.mjs[2m > [22m[2mConcurrent auth->token->userinfo flows[2m > [22m[2mhandles multiple concurrent auth flows
[22m[39m{"level":"info","ts":"2025-09-14T12:26:12.149Z","msg":"token_request_validation row for code {\"codeExists\":true} ***26chars"}
{"level":"info","ts":"2025-09-14T12:26:12.149Z","msg":"authorization_code_found {\"sub\":\"user-2\",\"client\":\"self-client\"} ***26chars"}
{"level":"info","ts":"2025-09-14T12:26:12.149Z","msg":"authorization_code_valid {\"used\":false,\"ttl\":1757852952,\"now\":1757852772}"}
{"level":"info","ts":"2025-09-14T12:26:12.149Z","msg":"authorization_code_challenge_method S256"}
{"level":"info","ts":"2025-09-14T12:26:12.149Z","msg":"token_client_id_validated self-client {\"clientValidated\":true} ***26chars"}
{"level":"info","ts":"2025-09-14T12:26:12.149Z","msg":"token_redirect_uri_validated http://127.0.0.1:41859/post-auth.html {\"redirectValidated\":true} ***26chars"}
{"level":"info","ts":"2025-09-14T12:26:12.149Z","msg":"pkce_verification_success {\"challengeMethod\":\"S256\"}"}
{"level":"info","ts":"2025-09-14T12:26:12.149Z","msg":"token_request_validated self-client {\"codeValidated\":true,\"sub\":\"user-2\"} ***26chars"}

[90mstdout[2m | app/test/concurrent-auth-flow.test.mjs[2m > [22m[2mConcurrent auth->token->userinfo flows[2m > [22m[2mhandles multiple concurrent auth flows
[22m[39m{"level":"info","ts":"2025-09-14T12:26:12.151Z","msg":"authorize POST {\"response_type\":\"code\",\"client_id\":\"self-client\",\"redirect_uri\":\"http://127.0.0.1:41859/post-auth.html\",\"scope\":\"openid email profile\",\"state\":\"K2mF8Ohf6pp14136v7fTTDKS9kHHHrg7\",\"nonce\":\"rIAY7XqbbFjp4_Vy\",\"code_challenge\":\"***43chars\",\"code_challenge_method\":\"S256\",\"username\":\"user-4\",\"password\":\"***10chars\"}"}
{"level":"info","ts":"2025-09-14T12:26:12.151Z","msg":"client_found self-client"}
{"level":"info","ts":"2025-09-14T12:26:12.151Z","msg":"client_found self-client"}
{"level":"info","ts":"2025-09-14T12:26:12.151Z","msg":"redirect_validation in  [\"http://127.0.0.1:41859/post-auth.html\",\"http://127.0.0.1:41859/callback.html\",\"http://127.0.0.1:41859/login-callback.html\"] self-client http://127.0.0.1:41859/post-auth.html valid"}
{"level":"info","ts":"2025-09-14T12:26:12.151Z","msg":"client_found self-client"}
{"level":"info","ts":"2025-09-14T12:26:12.151Z","msg":"scope_validation self-client openid email profile valid"}
{"level":"info","ts":"2025-09-14T12:26:12.151Z","msg":"client_found self-client"}

[90mstdout[2m | app/test/concurrent-auth-flow.test.mjs[2m > [22m[2mConcurrent auth->token->userinfo flows[2m > [22m[2mhandles multiple concurrent auth flows
[22m[39m{"level":"info","ts":"2025-09-14T12:26:12.152Z","msg":"redirect http://127.0.0.1:41859/post-auth.html?code=01K54319SQ44S154MABBW09JQR&state=K2mF8Ohf6pp14136v7fTTDKS9kHHHrg7"}

[90mstdout[2m | app/test/concurrent-auth-flow.test.mjs[2m > [22m[2mConcurrent auth->token->userinfo flows[2m > [22m[2mhandles multiple concurrent auth flows
[22m[39m{"level":"info","ts":"2025-09-14T12:26:12.152Z","msg":"token_issued user-1"}

[90mstdout[2m | app/test/concurrent-auth-flow.test.mjs[2m > [22m[2mConcurrent auth->token->userinfo flows[2m > [22m[2mhandles multiple concurrent auth flows
[22m[39m{"level":"info","ts":"2025-09-14T12:26:12.153Z","msg":"token_issued user-0"}

[90mstdout[2m | app/test/concurrent-auth-flow.test.mjs[2m > [22m[2mConcurrent auth->token->userinfo flows[2m > [22m[2mhandles multiple concurrent auth flows
[22m[39m{"level":"info","ts":"2025-09-14T12:26:12.155Z","msg":"token_request self-client http://127.0.0.1:41859/post-auth.html has_code: ***26chars"}
{"level":"info","ts":"2025-09-14T12:26:12.155Z","msg":"client_found self-client"}
{"level":"info","ts":"2025-09-14T12:26:12.155Z","msg":"token_request_parameters_present self-client {\"hasCode\":true,\"hasRedirect\":true,\"hasPkceVerifier\":true,\"pkceRequired\":true} ***26chars"}
{"level":"info","ts":"2025-09-14T12:26:12.155Z","msg":"client_found self-client"}
{"level":"info","ts":"2025-09-14T12:26:12.155Z","msg":"client_auth_success public_client self-client"}
{"level":"info","ts":"2025-09-14T12:26:12.155Z","msg":"client_authenticated self-client"}

[90mstdout[2m | app/test/concurrent-auth-flow.test.mjs[2m > [22m[2mConcurrent auth->token->userinfo flows[2m > [22m[2mhandles multiple concurrent auth flows
[22m[39m{"level":"info","ts":"2025-09-14T12:26:12.155Z","msg":"token_request_validation row for code {\"codeExists\":true} ***26chars"}
{"level":"info","ts":"2025-09-14T12:26:12.155Z","msg":"authorization_code_found {\"sub\":\"user-3\",\"client\":\"self-client\"} ***26chars"}
{"level":"info","ts":"2025-09-14T12:26:12.155Z","msg":"authorization_code_valid {\"used\":false,\"ttl\":1757852952,\"now\":1757852772}"}
{"level":"info","ts":"2025-09-14T12:26:12.155Z","msg":"authorization_code_challenge_method S256"}
{"level":"info","ts":"2025-09-14T12:26:12.155Z","msg":"token_client_id_validated self-client {\"clientValidated\":true} ***26chars"}
{"level":"info","ts":"2025-09-14T12:26:12.155Z","msg":"token_redirect_uri_validated http://127.0.0.1:41859/post-auth.html {\"redirectValidated\":true} ***26chars"}
{"level":"info","ts":"2025-09-14T12:26:12.155Z","msg":"pkce_verification_success {\"challengeMethod\":\"S256\"}"}
{"level":"info","ts":"2025-09-14T12:26:12.155Z","msg":"token_request_validated self-client {\"codeValidated\":true,\"sub\":\"user-3\"} ***26chars"}

[90mstdout[2m | app/test/concurrent-auth-flow.test.mjs[2m > [22m[2mConcurrent auth->token->userinfo flows[2m > [22m[2mhandles multiple concurrent auth flows
[22m[39m{"level":"info","ts":"2025-09-14T12:26:12.156Z","msg":"token_issued user-2"}

[90mstdout[2m | app/test/concurrent-auth-flow.test.mjs[2m > [22m[2mConcurrent auth->token->userinfo flows[2m > [22m[2mhandles multiple concurrent auth flows
[22m[39m{"level":"info","ts":"2025-09-14T12:26:12.161Z","msg":"token_request self-client http://127.0.0.1:41859/post-auth.html has_code: ***26chars"}
{"level":"info","ts":"2025-09-14T12:26:12.161Z","msg":"client_found self-client"}
{"level":"info","ts":"2025-09-14T12:26:12.161Z","msg":"token_request_parameters_present self-client {\"hasCode\":true,\"hasRedirect\":true,\"hasPkceVerifier\":true,\"pkceRequired\":true} ***26chars"}
{"level":"info","ts":"2025-09-14T12:26:12.161Z","msg":"client_found self-client"}
{"level":"info","ts":"2025-09-14T12:26:12.161Z","msg":"client_auth_success public_client self-client"}
{"level":"info","ts":"2025-09-14T12:26:12.161Z","msg":"client_authenticated self-client"}

[90mstdout[2m | app/test/concurrent-auth-flow.test.mjs[2m > [22m[2mConcurrent auth->token->userinfo flows[2m > [22m[2mhandles multiple concurrent auth flows
[22m[39m{"level":"info","ts":"2025-09-14T12:26:12.161Z","msg":"token_request_validation row for code {\"codeExists\":true} ***26chars"}
{"level":"info","ts":"2025-09-14T12:26:12.161Z","msg":"authorization_code_found {\"sub\":\"user-4\",\"client\":\"self-client\"} ***26chars"}
{"level":"info","ts":"2025-09-14T12:26:12.161Z","msg":"authorization_code_valid {\"used\":false,\"ttl\":1757852952,\"now\":1757852772}"}
{"level":"info","ts":"2025-09-14T12:26:12.161Z","msg":"authorization_code_challenge_method S256"}
{"level":"info","ts":"2025-09-14T12:26:12.161Z","msg":"token_client_id_validated self-client {\"clientValidated\":true} ***26chars"}
{"level":"info","ts":"2025-09-14T12:26:12.161Z","msg":"token_redirect_uri_validated http://127.0.0.1:41859/post-auth.html {\"redirectValidated\":true} ***26chars"}
{"level":"info","ts":"2025-09-14T12:26:12.161Z","msg":"pkce_verification_success {\"challengeMethod\":\"S256\"}"}
{"level":"info","ts":"2025-09-14T12:26:12.161Z","msg":"token_request_validated self-client {\"codeValidated\":true,\"sub\":\"user-4\"} ***26chars"}

[90mstdout[2m | app/test/concurrent-auth-flow.test.mjs[2m > [22m[2mConcurrent auth->token->userinfo flows[2m > [22m[2mhandles multiple concurrent auth flows
[22m[39m{"level":"info","ts":"2025-09-14T12:26:12.170Z","msg":"token_issued user-3"}

[90mstdout[2m | app/test/concurrent-auth-flow.test.mjs[2m > [22m[2mConcurrent auth->token->userinfo flows[2m > [22m[2mhandles multiple concurrent auth flows
[22m[39m{"level":"info","ts":"2025-09-14T12:26:12.170Z","msg":"userinfo_request"}
{"level":"info","ts":"2025-09-14T12:26:12.171Z","msg":"validating_access_token"}

[90mstdout[2m | app/test/concurrent-auth-flow.test.mjs[2m > [22m[2mConcurrent auth->token->userinfo flows[2m > [22m[2mhandles multiple concurrent auth flows
[22m[39m{"level":"info","ts":"2025-09-14T12:26:12.171Z","msg":"userinfo_request"}
{"level":"info","ts":"2025-09-14T12:26:12.172Z","msg":"validating_access_token"}

[90mstdout[2m | app/test/concurrent-auth-flow.test.mjs[2m > [22m[2mConcurrent auth->token->userinfo flows[2m > [22m[2mhandles multiple concurrent auth flows
[22m[39m{"level":"info","ts":"2025-09-14T12:26:12.173Z","msg":"userinfo_request"}
{"level":"info","ts":"2025-09-14T12:26:12.173Z","msg":"validating_access_token"}

[90mstdout[2m | app/test/concurrent-auth-flow.test.mjs[2m > [22m[2mConcurrent auth->token->userinfo flows[2m > [22m[2mhandles multiple concurrent auth flows
[22m[39m{"level":"info","ts":"2025-09-14T12:26:12.173Z","msg":"token_issued user-4"}

[90mstdout[2m | app/test/concurrent-auth-flow.test.mjs[2m > [22m[2mConcurrent auth->token->userinfo flows[2m > [22m[2mhandles multiple concurrent auth flows
[22m[39m{"level":"info","ts":"2025-09-14T12:26:12.174Z","msg":"access_token_valid sub: user-1"}
{"level":"info","ts":"2025-09-14T12:26:12.174Z","msg":"no_users_table_configured"}

[90mstdout[2m | app/test/concurrent-auth-flow.test.mjs[2m > [22m[2mConcurrent auth->token->userinfo flows[2m > [22m[2mhandles multiple concurrent auth flows
[22m[39m{"level":"info","ts":"2025-09-14T12:26:12.174Z","msg":"access_token_valid sub: user-2"}
{"level":"info","ts":"2025-09-14T12:26:12.174Z","msg":"no_users_table_configured"}

[90mstdout[2m | app/test/concurrent-auth-flow.test.mjs[2m > [22m[2mConcurrent auth->token->userinfo flows[2m > [22m[2mhandles multiple concurrent auth flows
[22m[39m{"level":"info","ts":"2025-09-14T12:26:12.175Z","msg":"access_token_valid sub: user-0"}
{"level":"info","ts":"2025-09-14T12:26:12.175Z","msg":"no_users_table_configured"}

[90mstdout[2m | app/test/concurrent-auth-flow.test.mjs[2m > [22m[2mConcurrent auth->token->userinfo flows[2m > [22m[2mhandles multiple concurrent auth flows
[22m[39m{"level":"info","ts":"2025-09-14T12:26:12.182Z","msg":"userinfo_request"}
{"level":"info","ts":"2025-09-14T12:26:12.182Z","msg":"validating_access_token"}

[90mstdout[2m | app/test/concurrent-auth-flow.test.mjs[2m > [22m[2mConcurrent auth->token->userinfo flows[2m > [22m[2mhandles multiple concurrent auth flows
[22m[39m{"level":"info","ts":"2025-09-14T12:26:12.182Z","msg":"userinfo_request"}
{"level":"info","ts":"2025-09-14T12:26:12.182Z","msg":"validating_access_token"}

[90mstdout[2m | app/test/concurrent-auth-flow.test.mjs[2m > [22m[2mConcurrent auth->token->userinfo flows[2m > [22m[2mhandles multiple concurrent auth flows
[22m[39m{"level":"info","ts":"2025-09-14T12:26:12.183Z","msg":"access_token_valid sub: user-3"}
{"level":"info","ts":"2025-09-14T12:26:12.183Z","msg":"no_users_table_configured"}

[90mstdout[2m | app/test/concurrent-auth-flow.test.mjs[2m > [22m[2mConcurrent auth->token->userinfo flows[2m > [22m[2mhandles multiple concurrent auth flows
[22m[39m{"level":"info","ts":"2025-09-14T12:26:12.184Z","msg":"access_token_valid sub: user-4"}
{"level":"info","ts":"2025-09-14T12:26:12.184Z","msg":"no_users_table_configured"}

[90mstdout[2m | app/test/concurrent-auth-flow.test.mjs[2m > [22m[2mConcurrent auth->token->userinfo flows[2m > [22m[2mrejects GET requests to /authorize
[22m[39m{"level":"info","ts":"2025-09-14T12:26:12.189Z","msg":"authorize GET {\"client_id\":\"test\"}"}

[90mstdout[2m | app/test/concurrent-auth-flow.test.mjs[2m > [22m[2mConcurrent auth->token->userinfo flows[2m > [22m[2mrejects invalid client_id in concurrent requests
[22m[39m{"level":"info","ts":"2025-09-14T12:26:12.192Z","msg":"authorize POST {\"response_type\":\"code\",\"client_id\":\"invalid-client\",\"redirect_uri\":\"https://example.com/cb\",\"scope\":\"openid\",\"state\":\"hdUBG1XixCqreCqL\",\"nonce\":\"NhhHabh7-Rku_exF\",\"username\":\"test-user\",\"password\":\"***\"}"}
{"level":"info","ts":"2025-09-14T12:26:12.192Z","msg":"client_not_found invalid-client"}

[90mstdout[2m | app/test/token.test.mjs[2m > [22m[2mtoken[2m > [22m[2mreturns error for invalid client_id
[22m[39m{"level":"info","ts":"2025-09-14T12:26:12.191Z","msg":"token_request invalid-client https://example.com/cb has_code: ***9chars"}
{"level":"info","ts":"2025-09-14T12:26:12.192Z","msg":"client_not_found invalid-client"}
{"level":"info","ts":"2025-09-14T12:26:12.192Z","msg":"token_request_parameters_present invalid-client {\"hasCode\":true,\"hasRedirect\":true,\"hasPkceVerifier\":true,\"pkceRequired\":false} ***9chars"}
{"level":"info","ts":"2025-09-14T12:26:12.192Z","msg":"client_not_found invalid-client"}
{"level":"info","ts":"2025-09-14T12:26:12.192Z","msg":"client_auth_failed client_not_found invalid-client"}

[90mstdout[2m | app/test/concurrent-auth-flow.test.mjs[2m > [22m[2mConcurrent auth->token->userinfo flows[2m > [22m[2mrejects invalid client_id in concurrent requests
[22m[39m{"level":"info","ts":"2025-09-14T12:26:12.194Z","msg":"authorize POST {\"response_type\":\"code\",\"client_id\":\"invalid-client\",\"redirect_uri\":\"https://example.com/cb\",\"scope\":\"openid\",\"state\":\"Fd74jMGHIrh2juhd\",\"nonce\":\"aBep-0C6glGdu3Pp\",\"username\":\"test-user\",\"password\":\"***\"}"}
{"level":"info","ts":"2025-09-14T12:26:12.194Z","msg":"client_not_found invalid-client"}

[90mstdout[2m | app/test/concurrent-auth-flow.test.mjs[2m > [22m[2mConcurrent auth->token->userinfo flows[2m > [22m[2mrejects invalid client_id in concurrent requests
[22m[39m{"level":"info","ts":"2025-09-14T12:26:12.195Z","msg":"authorize POST {\"response_type\":\"code\",\"client_id\":\"invalid-client\",\"redirect_uri\":\"https://example.com/cb\",\"scope\":\"openid\",\"state\":\"pVXVSJVLJaGQany8\",\"nonce\":\"KVw_4yaEcBsf0RTt\",\"username\":\"test-user\",\"password\":\"***\"}"}
{"level":"info","ts":"2025-09-14T12:26:12.195Z","msg":"client_not_found invalid-client"}

[90mstdout[2m | app/test/token.test.mjs[2m > [22m[2mtoken[2m > [22m[2mreturns error for missing authorization code
[22m[39m{"level":"info","ts":"2025-09-14T12:26:12.197Z","msg":"token_request submit-diyaccounting-co-uk https://YOUR_COGNITO_DOMAIN.auth.us-east-1.amazoncognito.com/oauth2/idpresponse has_code: ***17chars"}
{"level":"info","ts":"2025-09-14T12:26:12.197Z","msg":"client_found submit-diyaccounting-co-uk"}
{"level":"info","ts":"2025-09-14T12:26:12.197Z","msg":"token_request_parameters_present submit-diyaccounting-co-uk {\"hasCode\":true,\"hasRedirect\":true,\"hasPkceVerifier\":true,\"pkceRequired\":false} ***17chars"}
{"level":"info","ts":"2025-09-14T12:26:12.198Z","msg":"client_found submit-diyaccounting-co-uk"}
{"level":"info","ts":"2025-09-14T12:26:12.198Z","msg":"client_auth_success public_client submit-diyaccounting-co-uk"}
{"level":"info","ts":"2025-09-14T12:26:12.198Z","msg":"client_authenticated submit-diyaccounting-co-uk"}

[90mstdout[2m | app/test/token.test.mjs[2m > [22m[2mtoken[2m > [22m[2mreturns error for missing authorization code
[22m[39m{"level":"info","ts":"2025-09-14T12:26:12.199Z","msg":"token_request_validation row for code {\"codeExists\":false} ***17chars"}

[90mstdout[2m | app/test/token.test.mjs[2m > [22m[2mtoken[2m > [22m[2mreturns error for client_id mismatch
[22m[39m{"level":"info","ts":"2025-09-14T12:26:12.199Z","msg":"token_request submit-diyaccounting-co-uk https://YOUR_COGNITO_DOMAIN.auth.us-east-1.amazoncognito.com/oauth2/idpresponse has_code: ***9chars"}
{"level":"info","ts":"2025-09-14T12:26:12.199Z","msg":"client_found submit-diyaccounting-co-uk"}
{"level":"info","ts":"2025-09-14T12:26:12.199Z","msg":"token_request_parameters_present submit-diyaccounting-co-uk {\"hasCode\":true,\"hasRedirect\":true,\"hasPkceVerifier\":true,\"pkceRequired\":false} ***9chars"}
{"level":"info","ts":"2025-09-14T12:26:12.199Z","msg":"client_found submit-diyaccounting-co-uk"}
{"level":"info","ts":"2025-09-14T12:26:12.199Z","msg":"client_auth_success public_client submit-diyaccounting-co-uk"}
{"level":"info","ts":"2025-09-14T12:26:12.199Z","msg":"client_authenticated submit-diyaccounting-co-uk"}

[90mstdout[2m | app/test/token.test.mjs[2m > [22m[2mtoken[2m > [22m[2mreturns error for client_id mismatch
[22m[39m{"level":"info","ts":"2025-09-14T12:26:12.200Z","msg":"token_request_validation row for code {\"codeExists\":true} ***9chars"}
{"level":"info","ts":"2025-09-14T12:26:12.200Z","msg":"authorization_code_found {\"sub\":\"test-user\",\"client\":\"different-client\"} ***9chars"}
{"level":"info","ts":"2025-09-14T12:26:12.200Z","msg":"authorization_code_valid {\"used\":false,\"now\":1757852772}"}
{"level":"info","ts":"2025-09-14T12:26:12.200Z","msg":"authorization_code_challenge_method none"}
{"level":"info","ts":"2025-09-14T12:26:12.200Z","msg":"token_validation_failed client_mismatch stored: different-client, provided: submit-diyaccounting-co-uk"}

[90mstdout[2m | app/test/token.test.mjs[2m > [22m[2mtoken[2m > [22m[2mreturns error for redirect_uri mismatch
[22m[39m{"level":"info","ts":"2025-09-14T12:26:12.201Z","msg":"token_request submit-diyaccounting-co-uk https://YOUR_COGNITO_DOMAIN.auth.us-east-1.amazoncognito.com/oauth2/idpresponse has_code: ***9chars"}
{"level":"info","ts":"2025-09-14T12:26:12.201Z","msg":"client_found submit-diyaccounting-co-uk"}
{"level":"info","ts":"2025-09-14T12:26:12.201Z","msg":"token_request_parameters_present submit-diyaccounting-co-uk {\"hasCode\":true,\"hasRedirect\":true,\"hasPkceVerifier\":true,\"pkceRequired\":false} ***9chars"}
{"level":"info","ts":"2025-09-14T12:26:12.201Z","msg":"client_found submit-diyaccounting-co-uk"}
{"level":"info","ts":"2025-09-14T12:26:12.201Z","msg":"client_auth_success public_client submit-diyaccounting-co-uk"}
{"level":"info","ts":"2025-09-14T12:26:12.201Z","msg":"client_authenticated submit-diyaccounting-co-uk"}

[90mstdout[2m | app/test/concurrent-auth-flow.test.mjs[2m > [22m[2mConcurrent auth->token->userinfo flows[2m > [22m[2mhandles token reuse attempts
[22m[39m{"level":"info","ts":"2025-09-14T12:26:12.199Z","msg":"authorize POST {\"response_type\":\"code\",\"client_id\":\"self-client\",\"redirect_uri\":\"http://127.0.0.1:41859/post-auth.html\",\"scope\":\"openid email profile\",\"state\":\"yVbV-9uckr0Wunt9PWcWelsIZP2l8wzy\",\"nonce\":\"DnKFA6PW72_ghfg-\",\"code_challenge\":\"***43chars\",\"code_challenge_method\":\"S256\",\"username\":\"test-user\",\"password\":\"***10chars\"}"}
{"level":"info","ts":"2025-09-14T12:26:12.199Z","msg":"client_found self-client"}
{"level":"info","ts":"2025-09-14T12:26:12.199Z","msg":"client_found self-client"}
{"level":"info","ts":"2025-09-14T12:26:12.199Z","msg":"redirect_validation in  [\"http://127.0.0.1:41859/post-auth.html\",\"http://127.0.0.1:41859/callback.html\",\"http://127.0.0.1:41859/login-callback.html\"] self-client http://127.0.0.1:41859/post-auth.html valid"}
{"level":"info","ts":"2025-09-14T12:26:12.199Z","msg":"client_found self-client"}
{"level":"info","ts":"2025-09-14T12:26:12.199Z","msg":"scope_validation self-client openid email profile valid"}
{"level":"info","ts":"2025-09-14T12:26:12.199Z","msg":"client_found self-client"}

[90mstdout[2m | app/test/concurrent-auth-flow.test.mjs[2m > [22m[2mConcurrent auth->token->userinfo flows[2m > [22m[2mhandles token reuse attempts
[22m[39m{"level":"info","ts":"2025-09-14T12:26:12.199Z","msg":"redirect http://127.0.0.1:41859/post-auth.html?code=01K54319V7QXAN7NSFW6ZVP9FK&state=yVbV-9uckr0Wunt9PWcWelsIZP2l8wzy"}

[90mstdout[2m | app/test/concurrent-auth-flow.test.mjs[2m > [22m[2mConcurrent auth->token->userinfo flows[2m > [22m[2mhandles token reuse attempts
[22m[39m{"level":"info","ts":"2025-09-14T12:26:12.201Z","msg":"token_request self-client http://127.0.0.1:41859/post-auth.html has_code: ***26chars"}
{"level":"info","ts":"2025-09-14T12:26:12.201Z","msg":"client_found self-client"}
{"level":"info","ts":"2025-09-14T12:26:12.201Z","msg":"token_request_parameters_present self-client {\"hasCode\":true,\"hasRedirect\":true,\"hasPkceVerifier\":true,\"pkceRequired\":true} ***26chars"}
{"level":"info","ts":"2025-09-14T12:26:12.201Z","msg":"client_found self-client"}
{"level":"info","ts":"2025-09-14T12:26:12.201Z","msg":"client_auth_success public_client self-client"}
{"level":"info","ts":"2025-09-14T12:26:12.201Z","msg":"client_authenticated self-client"}

[90mstdout[2m | app/test/token.test.mjs[2m > [22m[2mtoken[2m > [22m[2mreturns error for redirect_uri mismatch
[22m[39m{"level":"info","ts":"2025-09-14T12:26:12.201Z","msg":"token_request_validation row for code {\"codeExists\":true} ***9chars"}
{"level":"info","ts":"2025-09-14T12:26:12.201Z","msg":"authorization_code_found {\"sub\":\"test-user\",\"client\":\"cognito-web\"} ***9chars"}
{"level":"info","ts":"2025-09-14T12:26:12.201Z","msg":"authorization_code_valid {\"used\":false,\"now\":1757852772}"}
{"level":"info","ts":"2025-09-14T12:26:12.201Z","msg":"authorization_code_challenge_method none"}
{"level":"info","ts":"2025-09-14T12:26:12.201Z","msg":"token_validation_failed client_mismatch stored: cognito-web, provided: submit-diyaccounting-co-uk"}

[90mstdout[2m | app/test/concurrent-auth-flow.test.mjs[2m > [22m[2mConcurrent auth->token->userinfo flows[2m > [22m[2mhandles token reuse attempts
[22m[39m{"level":"info","ts":"2025-09-14T12:26:12.202Z","msg":"token_request_validation row for code {\"codeExists\":true} ***26chars"}
{"level":"info","ts":"2025-09-14T12:26:12.202Z","msg":"authorization_code_found {\"sub\":\"test-user\",\"client\":\"self-client\"} ***26chars"}
{"level":"info","ts":"2025-09-14T12:26:12.202Z","msg":"authorization_code_valid {\"used\":false,\"ttl\":1757852952,\"now\":1757852772}"}
{"level":"info","ts":"2025-09-14T12:26:12.202Z","msg":"authorization_code_challenge_method S256"}
{"level":"info","ts":"2025-09-14T12:26:12.202Z","msg":"token_client_id_validated self-client {\"clientValidated\":true} ***26chars"}
{"level":"info","ts":"2025-09-14T12:26:12.202Z","msg":"token_redirect_uri_validated http://127.0.0.1:41859/post-auth.html {\"redirectValidated\":true} ***26chars"}
{"level":"info","ts":"2025-09-14T12:26:12.202Z","msg":"pkce_verification_success {\"challengeMethod\":\"S256\"}"}
{"level":"info","ts":"2025-09-14T12:26:12.202Z","msg":"token_request_validated self-client {\"codeValidated\":true,\"sub\":\"test-user\"} ***26chars"}

 [32m✓[39m app/test/token.test.mjs [2m([22m[2m4 tests[22m[2m)[22m[32m 15[2mms[22m[39m
[90mstdout[2m | app/test/concurrent-auth-flow.test.mjs[2m > [22m[2mConcurrent auth->token->userinfo flows[2m > [22m[2mhandles token reuse attempts
[22m[39m{"level":"info","ts":"2025-09-14T12:26:12.207Z","msg":"token_issued test-user"}

[90mstdout[2m | app/test/concurrent-auth-flow.test.mjs[2m > [22m[2mConcurrent auth->token->userinfo flows[2m > [22m[2mhandles token reuse attempts
[22m[39m{"level":"info","ts":"2025-09-14T12:26:12.218Z","msg":"userinfo_request"}
{"level":"info","ts":"2025-09-14T12:26:12.218Z","msg":"validating_access_token"}

[90mstdout[2m | app/test/concurrent-auth-flow.test.mjs[2m > [22m[2mConcurrent auth->token->userinfo flows[2m > [22m[2mhandles token reuse attempts
[22m[39m{"level":"info","ts":"2025-09-14T12:26:12.219Z","msg":"access_token_valid sub: test-user"}
{"level":"info","ts":"2025-09-14T12:26:12.219Z","msg":"no_users_table_configured"}

[90mstdout[2m | app/test/concurrent-auth-flow.test.mjs[2m > [22m[2mConcurrent auth->token->userinfo flows[2m > [22m[2mhandles token reuse attempts
[22m[39m{"level":"info","ts":"2025-09-14T12:26:12.221Z","msg":"token_request self-client http://127.0.0.1:41859/post-auth.html has_code: ***26chars"}
{"level":"info","ts":"2025-09-14T12:26:12.221Z","msg":"client_found self-client"}
{"level":"info","ts":"2025-09-14T12:26:12.221Z","msg":"token_request_parameters_present self-client {\"hasCode\":true,\"hasRedirect\":true,\"hasPkceVerifier\":true,\"pkceRequired\":true} ***26chars"}
{"level":"info","ts":"2025-09-14T12:26:12.221Z","msg":"client_found self-client"}
{"level":"info","ts":"2025-09-14T12:26:12.221Z","msg":"client_auth_success public_client self-client"}
{"level":"info","ts":"2025-09-14T12:26:12.222Z","msg":"client_authenticated self-client"}

[90mstdout[2m | app/test/concurrent-auth-flow.test.mjs[2m > [22m[2mConcurrent auth->token->userinfo flows[2m > [22m[2mhandles token reuse attempts
[22m[39m{"level":"info","ts":"2025-09-14T12:26:12.222Z","msg":"token_request_validation row for code {\"codeExists\":false} ***26chars"}

[90mstdout[2m | app/test/concurrent-auth-flow.test.mjs[2m > [22m[2mConcurrent auth->token->userinfo flows[2m > [22m[2mvalidates access tokens correctly
[22m[39m{"level":"info","ts":"2025-09-14T12:26:12.225Z","msg":"authorize POST {\"response_type\":\"code\",\"client_id\":\"self-client\",\"redirect_uri\":\"http://127.0.0.1:41859/post-auth.html\",\"scope\":\"openid email profile\",\"state\":\"gNV8Gf8jLAfSbjDu4kJd0mHXs1Sl0HE9\",\"nonce\":\"0AXpg2NIzJPCiE_O\",\"code_challenge\":\"***43chars\",\"code_challenge_method\":\"S256\",\"username\":\"test-user\",\"password\":\"***10chars\"}"}
{"level":"info","ts":"2025-09-14T12:26:12.225Z","msg":"client_found self-client"}
{"level":"info","ts":"2025-09-14T12:26:12.225Z","msg":"client_found self-client"}
{"level":"info","ts":"2025-09-14T12:26:12.225Z","msg":"redirect_validation in  [\"http://127.0.0.1:41859/post-auth.html\",\"http://127.0.0.1:41859/callback.html\",\"http://127.0.0.1:41859/login-callback.html\"] self-client http://127.0.0.1:41859/post-auth.html valid"}
{"level":"info","ts":"2025-09-14T12:26:12.225Z","msg":"client_found self-client"}
{"level":"info","ts":"2025-09-14T12:26:12.225Z","msg":"scope_validation self-client openid email profile valid"}
{"level":"info","ts":"2025-09-14T12:26:12.225Z","msg":"client_found self-client"}

[90mstdout[2m | app/test/concurrent-auth-flow.test.mjs[2m > [22m[2mConcurrent auth->token->userinfo flows[2m > [22m[2mvalidates access tokens correctly
[22m[39m{"level":"info","ts":"2025-09-14T12:26:12.226Z","msg":"redirect http://127.0.0.1:41859/post-auth.html?code=01K54319W1ZMDBBRV689VWWHYB&state=gNV8Gf8jLAfSbjDu4kJd0mHXs1Sl0HE9"}

[90mstdout[2m | app/test/concurrent-auth-flow.test.mjs[2m > [22m[2mConcurrent auth->token->userinfo flows[2m > [22m[2mvalidates access tokens correctly
[22m[39m{"level":"info","ts":"2025-09-14T12:26:12.227Z","msg":"token_request self-client http://127.0.0.1:41859/post-auth.html has_code: ***26chars"}
{"level":"info","ts":"2025-09-14T12:26:12.227Z","msg":"client_found self-client"}
{"level":"info","ts":"2025-09-14T12:26:12.228Z","msg":"token_request_parameters_present self-client {\"hasCode\":true,\"hasRedirect\":true,\"hasPkceVerifier\":true,\"pkceRequired\":true} ***26chars"}
{"level":"info","ts":"2025-09-14T12:26:12.228Z","msg":"client_found self-client"}
{"level":"info","ts":"2025-09-14T12:26:12.228Z","msg":"client_auth_success public_client self-client"}
{"level":"info","ts":"2025-09-14T12:26:12.228Z","msg":"client_authenticated self-client"}

[90mstdout[2m | app/test/concurrent-auth-flow.test.mjs[2m > [22m[2mConcurrent auth->token->userinfo flows[2m > [22m[2mvalidates access tokens correctly
[22m[39m{"level":"info","ts":"2025-09-14T12:26:12.228Z","msg":"token_request_validation row for code {\"codeExists\":true} ***26chars"}
{"level":"info","ts":"2025-09-14T12:26:12.228Z","msg":"authorization_code_found {\"sub\":\"test-user\",\"client\":\"self-client\"} ***26chars"}
{"level":"info","ts":"2025-09-14T12:26:12.228Z","msg":"authorization_code_valid {\"used\":false,\"ttl\":1757852952,\"now\":1757852772}"}
{"level":"info","ts":"2025-09-14T12:26:12.228Z","msg":"authorization_code_challenge_method S256"}
{"level":"info","ts":"2025-09-14T12:26:12.228Z","msg":"token_client_id_validated self-client {\"clientValidated\":true} ***26chars"}
{"level":"info","ts":"2025-09-14T12:26:12.228Z","msg":"token_redirect_uri_validated http://127.0.0.1:41859/post-auth.html {\"redirectValidated\":true} ***26chars"}
{"level":"info","ts":"2025-09-14T12:26:12.228Z","msg":"pkce_verification_success {\"challengeMethod\":\"S256\"}"}
{"level":"info","ts":"2025-09-14T12:26:12.228Z","msg":"token_request_validated self-client {\"codeValidated\":true,\"sub\":\"test-user\"} ***26chars"}

[90mstdout[2m | app/test/concurrent-auth-flow.test.mjs[2m > [22m[2mConcurrent auth->token->userinfo flows[2m > [22m[2mvalidates access tokens correctly
[22m[39m{"level":"info","ts":"2025-09-14T12:26:12.232Z","msg":"token_issued test-user"}

[90mstdout[2m | app/test/concurrent-auth-flow.test.mjs[2m > [22m[2mConcurrent auth->token->userinfo flows[2m > [22m[2mvalidates access tokens correctly
[22m[39m{"level":"info","ts":"2025-09-14T12:26:12.236Z","msg":"userinfo_request"}
{"level":"info","ts":"2025-09-14T12:26:12.236Z","msg":"validating_access_token"}

[90mstdout[2m | app/test/concurrent-auth-flow.test.mjs[2m > [22m[2mConcurrent auth->token->userinfo flows[2m > [22m[2mvalidates access tokens correctly
[22m[39m{"level":"info","ts":"2025-09-14T12:26:12.238Z","msg":"access_token_valid sub: test-user"}
{"level":"info","ts":"2025-09-14T12:26:12.238Z","msg":"no_users_table_configured"}

[90mstdout[2m | app/test/concurrent-auth-flow.test.mjs[2m > [22m[2mConcurrent auth->token->userinfo flows[2m > [22m[2mvalidates access tokens correctly
[22m[39m{"level":"info","ts":"2025-09-14T12:26:12.241Z","msg":"userinfo_request"}
{"level":"info","ts":"2025-09-14T12:26:12.241Z","msg":"validating_access_token"}

[90mstdout[2m | app/test/concurrent-auth-flow.test.mjs[2m > [22m[2mConcurrent auth->token->userinfo flows[2m > [22m[2mvalidates access tokens correctly
[22m[39m{"level":"info","ts":"2025-09-14T12:26:12.241Z","msg":"access_token_valid sub: test-user"}
{"level":"info","ts":"2025-09-14T12:26:12.241Z","msg":"no_users_table_configured"}

[90mstdout[2m | app/test/concurrent-auth-flow.test.mjs[2m > [22m[2mConcurrent auth->token->userinfo flows[2m > [22m[2mvalidates access tokens correctly
[22m[39m{"level":"info","ts":"2025-09-14T12:26:12.243Z","msg":"userinfo_request"}
{"level":"info","ts":"2025-09-14T12:26:12.243Z","msg":"validating_access_token"}

[90mstdout[2m | app/test/concurrent-auth-flow.test.mjs[2m > [22m[2mConcurrent auth->token->userinfo flows[2m > [22m[2mvalidates access tokens correctly
[22m[39m{"level":"info","ts":"2025-09-14T12:26:12.243Z","msg":"local_jwk_verification_failed JWS Protected Header is invalid"}

[90mstderr[2m | app/test/concurrent-auth-flow.test.mjs[2m > [22m[2mConcurrent auth->token->userinfo flows[2m > [22m[2mvalidates access tokens correctly
[22m[39mjwt_verification_failed JWS Protected Header is invalid

 [32m✓[39m app/test/concurrent-auth-flow.test.mjs [2m([22m[2m6 tests[22m[2m)[22m[33m 858[2mms[22m[39m
   [33m[2m✓[22m[39m Concurrent auth->token->userinfo flows[2m > [22mcompletes single auth flow successfully [33m 709[2mms[22m[39m
[90mstdout[2m | app/system/api.system.test.mjs[2m > [22m[2msystem: express server authorize -> token -> userinfo[2m > [22m[2mflows from authorize to userinfo
[22m[39m{"level":"info","ts":"2025-09-14T12:26:12.358Z","msg":"keys_saved_to_store"}

[90mstdout[2m | app/system/api.system.test.mjs[2m > [22m[2msystem: express server authorize -> token -> userinfo[2m > [22m[2mflows from authorize to userinfo
[22m[39m{"level":"info","ts":"2025-09-14T12:26:12.365Z","msg":"token_issued test-user"}

[90mstdout[2m | app/system/api.system.test.mjs[2m > [22m[2msystem: express server authorize -> token -> userinfo[2m > [22m[2mflows from authorize to userinfo
[22m[39m{"level":"info","ts":"2025-09-14T12:26:12.374Z","msg":"userinfo_request"}
{"level":"info","ts":"2025-09-14T12:26:12.374Z","msg":"validating_access_token"}

[90mstdout[2m | app/system/api.system.test.mjs[2m > [22m[2msystem: express server authorize -> token -> userinfo[2m > [22m[2mflows from authorize to userinfo
[22m[39m{"level":"info","ts":"2025-09-14T12:26:12.376Z","msg":"access_token_valid sub: test-user"}
{"level":"info","ts":"2025-09-14T12:26:12.376Z","msg":"no_users_table_configured"}

[90mstdout[2m | app/system/api.system.test.mjs[2m > [22m[2msystem: express server authorize -> token -> userinfo[2m > [22m[2mflows from authorize to userinfo
[22m[39m{"level":"info","ts":"2025-09-14T12:26:12.380Z","msg":"userinfo_request"}
{"level":"info","ts":"2025-09-14T12:26:12.380Z","msg":"validating_access_token"}

 [32m✓[39m app/system/api.system.test.mjs [2m([22m[2m1 test[22m[2m)[22m[33m 705[2mms[22m[39m
   [33m[2m✓[22m[39m system: express server authorize -> token -> userinfo[2m > [22mflows from authorize to userinfo [33m 697[2mms[22m[39m
[90mstdout[2m | app/test/authorize.test.mjs[2m > [22m[2mauthorize[2m > [22m[2mreturns method_not_allowed for GET requests
[22m[39m{"level":"info","ts":"2025-09-14T12:26:12.532Z","msg":"authorize GET {\"client_id\":\"test\",\"redirect_uri\":\"https://example.com/cb\",\"response_type\":\"code\",\"scope\":\"openid\",\"state\":\"st\"}"}
{"level":"info","ts":"2025-09-14T12:26:12.533Z","msg":"client_not_found test"}

[90mstdout[2m | app/test/authorize.test.mjs[2m > [22m[2mauthorize[2m > [22m[2mreturns invalid_client for unknown client_id
[22m[39m{"level":"info","ts":"2025-09-14T12:26:12.535Z","msg":"authorize POST {\"client_id\":\"unknown\",\"redirect_uri\":\"https://example.com/cb\",\"response_type\":\"code\",\"scope\":\"openid\",\"state\":\"st\",\"nonce\":\"n\",\"code_challenge\":\"***\",\"code_challenge_method\":\"S256\",\"username\":\"test\",\"password\":\"***\"}"}
{"level":"info","ts":"2025-09-14T12:26:12.536Z","msg":"client_not_found unknown"}

[90mstdout[2m | app/test/authorize.test.mjs[2m > [22m[2mauthorize[2m > [22m[2mreturns invalid_redirect_uri for unauthorized redirect_uri
[22m[39m{"level":"info","ts":"2025-09-14T12:26:12.537Z","msg":"authorize POST {\"client_id\":\"submit-diyaccounting-co-uk\",\"redirect_uri\":\"https://evil.com/cb\",\"response_type\":\"code\",\"scope\":\"openid\",\"state\":\"st\",\"nonce\":\"n\",\"code_challenge\":\"***\",\"code_challenge_method\":\"S256\",\"username\":\"test\",\"password\":\"***\"}"}
{"level":"info","ts":"2025-09-14T12:26:12.537Z","msg":"client_found submit-diyaccounting-co-uk"}
{"level":"info","ts":"2025-09-14T12:26:12.537Z","msg":"client_found submit-diyaccounting-co-uk"}
{"level":"info","ts":"2025-09-14T12:26:12.537Z","msg":"redirect_validation in  [\"http://localhost:3000/auth/loginWithAntonyccCallback.html\",\"https://wanted-finally-anteater.ngrok-free.app/auth/loginWithAntonyccCallback.html\",\"https://ci.submit.diyaccounting.co.uk/auth/loginWithAntonyccCallback.html\",\"https://ci.auth.submit.diyaccounting.co.uk/oauth2/idpresponse\",\"https://submit.diyaccounting.co.uk/auth/loginWithAntonyccCallback.html\",\"https://auth.submit.diyaccounting.co.uk/oauth2/idpresponse\"] submit-diyaccounting-co-uk https://evil.com/cb invalid"}

[90mstdout[2m | app/test/authorize.test.mjs[2m > [22m[2mauthorize[2m > [22m[2mrejects self-client with invalid redirect URI
[22m[39m{"level":"info","ts":"2025-09-14T12:26:12.538Z","msg":"authorize POST {\"client_id\":\"self-client\",\"redirect_uri\":\"https://evil.com/post-auth.html\",\"response_type\":\"code\",\"scope\":\"openid email profile\",\"state\":\"st\",\"nonce\":\"n\",\"code_challenge\":\"***\",\"code_challenge_method\":\"S256\",\"username\":\"test\",\"password\":\"***\"}"}
{"level":"info","ts":"2025-09-14T12:26:12.539Z","msg":"client_found self-client"}
{"level":"info","ts":"2025-09-14T12:26:12.539Z","msg":"client_found self-client"}
{"level":"info","ts":"2025-09-14T12:26:12.539Z","msg":"redirect_validation in  [\"http://localhost:3000/post-auth.html\",\"http://localhost:3000/callback.html\",\"http://localhost:3000/login-callback.html\"] self-client https://evil.com/post-auth.html invalid"}

 [32m✓[39m app/test/authorize.test.mjs [2m([22m[2m4 tests[22m[2m)[22m[32m 10[2mms[22m[39m
[90mstdout[2m | app/test/userinfo.test.mjs[2m > [22m[2muserinfo[2m > [22m[2mreturns error for missing authorization header
[22m[39m{"level":"info","ts":"2025-09-14T12:26:12.544Z","msg":"userinfo_request"}

[90mstdout[2m | app/test/userinfo.test.mjs[2m > [22m[2muserinfo[2m > [22m[2mreturns error for invalid access token
[22m[39m{"level":"info","ts":"2025-09-14T12:26:12.546Z","msg":"userinfo_request"}
{"level":"info","ts":"2025-09-14T12:26:12.546Z","msg":"validating_access_token"}

[90mstdout[2m | app/test/userinfo.test.mjs[2m > [22m[2muserinfo[2m > [22m[2mreturns basic userinfo for valid token
[22m[39m{"level":"info","ts":"2025-09-14T12:26:12.547Z","msg":"userinfo_request"}
{"level":"info","ts":"2025-09-14T12:26:12.547Z","msg":"validating_access_token"}

[90mstdout[2m | app/test/userinfo.test.mjs[2m > [22m[2muserinfo[2m > [22m[2mreturns basic userinfo for valid token
[22m[39m{"level":"info","ts":"2025-09-14T12:26:12.547Z","msg":"access_token_valid sub: test-user"}

[90mstdout[2m | app/test/userinfo.test.mjs[2m > [22m[2muserinfo[2m > [22m[2mreturns basic userinfo for valid token
[22m[39m{"level":"info","ts":"2025-09-14T12:26:12.548Z","msg":"userinfo_db_error Cannot read properties of undefined (reading 'Item')"}

[90mstdout[2m | app/test/userinfo.test.mjs[2m > [22m[2muserinfo[2m > [22m[2mreturns email claims for email scope
[22m[39m{"level":"info","ts":"2025-09-14T12:26:12.548Z","msg":"userinfo_request"}
{"level":"info","ts":"2025-09-14T12:26:12.548Z","msg":"validating_access_token"}

[90mstdout[2m | app/test/userinfo.test.mjs[2m > [22m[2muserinfo[2m > [22m[2mreturns email claims for email scope
[22m[39m{"level":"info","ts":"2025-09-14T12:26:12.549Z","msg":"access_token_valid sub: test-user"}

[90mstdout[2m | app/test/userinfo.test.mjs[2m > [22m[2muserinfo[2m > [22m[2mreturns email claims for email scope
[22m[39m{"level":"info","ts":"2025-09-14T12:26:12.549Z","msg":"userinfo_from_db scopes: openid,email"}

 [32m✓[39m app/test/userinfo.test.mjs [2m([22m[2m4 tests[22m[2m)[22m[32m 9[2mms[22m[39m
 [32m✓[39m app/test/swagger-ui.test.mjs [2m([22m[2m2 tests[22m[2m)[22m[32m 4[2mms[22m[39m
[90mstdout[2m | app/test/clients.test.mjs[2m > [22m[2mclients dynamic configuration[2m > [22m[2mgets self-client configuration
[22m[39m{"level":"info","ts":"2025-09-14T12:26:12.851Z","msg":"client_found self-client"}

[90mstdout[2m | app/test/clients.test.mjs[2m > [22m[2mclients dynamic configuration[2m > [22m[2mrejects invalid self-client redirect URI
[22m[39m{"level":"info","ts":"2025-09-14T12:26:12.855Z","msg":"client_found self-client"}
{"level":"info","ts":"2025-09-14T12:26:12.855Z","msg":"redirect_validation in  [\"https://test.example.com/post-auth.html\",\"https://test.example.com/callback.html\",\"https://test.example.com/login-callback.html\"] self-client https://evil.com/post-auth.html invalid"}

 [32m✓[39m app/test/clients.test.mjs [2m([22m[2m2 tests[22m[2m)[22m[32m 7[2mms[22m[39m
[90mstdout[2m | app/test/todo-resolution-verification.test.mjs[2m > [22m[2mTODO Resolution Verification[2m > [22m[2mconfirms GET support has been removed from authorize endpoint
[22m[39m{"level":"info","ts":"2025-09-14T12:26:12.894Z","msg":"authorize GET {\"client_id\":\"test\",\"redirect_uri\":\"https://example.com/cb\",\"response_type\":\"code\",\"scope\":\"openid\",\"state\":\"st\"}"}
{"level":"info","ts":"2025-09-14T12:26:12.895Z","msg":"client_not_found test"}

[90mstdout[2m | app/test/todo-resolution-verification.test.mjs[2m > [22m[2mTODO Resolution Verification[2m > [22m[2mconfirms POST method validation works correctly
[22m[39m{"level":"info","ts":"2025-09-14T12:26:12.896Z","msg":"authorize POST {\"client_id\":\"invalid-client\",\"redirect_uri\":\"https://example.com/cb\",\"response_type\":\"code\",\"scope\":\"openid\",\"state\":\"st\",\"nonce\":\"n\",\"username\":\"test\",\"password\":\"***\"}"}
{"level":"info","ts":"2025-09-14T12:26:12.897Z","msg":"client_not_found invalid-client"}

 [32m✓[39m app/test/todo-resolution-verification.test.mjs [2m([22m[2m2 tests[22m[2m)[22m[32m 7[2mms[22m[39m
[90mstdout[2m | app/test/jwks.test.mjs[2m > [22m[2mjwks[2m > [22m[2mreturns valid JWKS format
[22m[39m{"level":"info","ts":"2025-09-14T12:26:13.287Z","msg":"jwks_request"}

[90mstdout[2m | app/test/jwks.test.mjs[2m > [22m[2mjwks[2m > [22m[2mreturns valid JWKS format
[22m[39m{"level":"info","ts":"2025-09-14T12:26:13.288Z","msg":"generating_new_keys"}

 [32m✓[39m app/test/jwks.test.mjs [2m([22m[2m1 test[22m[2m)[22m[32m 161[2mms[22m[39m
[90mstderr[2m | app/system/web.system.test.mjs[2m > [22m[2msystem(jsdom): web UI basics without Playwright[2m > [22m[2mindex.html shows login status and adds logout when logged in; clicking logout clears tokens and reloads
[22m[39mError: Not implemented: navigation (except hash changes)
    at module.exports (/home/runner/work/oidc/oidc/node_modules/jsdom/lib/jsdom/browser/not-implemented.js:9:17)
    at navigateFetch (/home/runner/work/oidc/oidc/node_modules/jsdom/lib/jsdom/living/window/navigation.js:77:3)
    at exports.navigate (/home/runner/work/oidc/oidc/node_modules/jsdom/lib/jsdom/living/window/navigation.js:55:3)
    at LocationImpl.reload (/home/runner/work/oidc/oidc/node_modules/jsdom/lib/jsdom/living/window/Location-impl.js:226:5)
    at Location.reload (/home/runner/work/oidc/oidc/node_modules/jsdom/lib/jsdom/living/generated/Location.js:102:36)
    at HTMLButtonElement.eval (eval at loadHtmlAndScripts (/home/runner/work/oidc/oidc/app/system/web.system.test.mjs:41:18), <anonymous>:119:20)
    at HTMLButtonElement.callTheUserObjectsOperation (/home/runner/work/oidc/oidc/node_modules/jsdom/lib/jsdom/living/generated/EventListener.js:26:30)
    at innerInvokeEventListeners (/home/runner/work/oidc/oidc/node_modules/jsdom/lib/jsdom/living/events/EventTarget-impl.js:350:25)
    at invokeEventListeners (/home/runner/work/oidc/oidc/node_modules/jsdom/lib/jsdom/living/events/EventTarget-impl.js:286:3)
    at HTMLButtonElementImpl._dispatch (/home/runner/work/oidc/oidc/node_modules/jsdom/lib/jsdom/living/events/EventTarget-impl.js:233:9) [90mundefined[39m

 [32m✓[39m app/system/web.system.test.mjs [2m([22m[2m2 tests[22m[2m)[22m[32m 95[2mms[22m[39m

[2m Test Files [22m [1m[32m14 passed[39m[22m[90m (14)[39m
[2m      Tests [22m [1m[32m54 passed[39m[22m[90m (54)[39m
[2m   Start at [22m 12:26:10
[2m   Duration [22m 2.66s[2m (transform 216ms, setup 0ms, collect 977ms, tests 1.92s, environment 403ms, prepare 1.40s)[22m


> @antonycc/oidc@0.1.0 test:system
> vitest run app/system


[1m[46m RUN [49m[22m [36mv3.2.4 [39m[90m/home/runner/work/oidc/oidc[39m

[90mstdout[2m | app/system/api.system.test.mjs[2m > [22m[2msystem: express server authorize -> token -> userinfo[2m > [22m[2mflows from authorize to userinfo
[22m[39m{"level":"info","ts":"2025-09-14T12:26:14.676Z","msg":"authorize POST {\"response_type\":\"code\",\"client_id\":\"self-client\",\"redirect_uri\":\"http://127.0.0.1:46409/post-auth.html\",\"scope\":\"openid email profile\",\"state\":\"17-ViID0Y9xYdpLRzoRLXJu8-OEzntKY\",\"nonce\":\"gzVuJQhU7eQIRrTL\",\"code_challenge\":\"***43chars\",\"code_challenge_method\":\"S256\",\"username\":\"test-user\",\"password\":\"***10chars\"}"}
{"level":"info","ts":"2025-09-14T12:26:14.676Z","msg":"client_found self-client"}
{"level":"info","ts":"2025-09-14T12:26:14.677Z","msg":"client_found self-client"}
{"level":"info","ts":"2025-09-14T12:26:14.677Z","msg":"redirect_validation in  [\"http://127.0.0.1:46409/post-auth.html\",\"http://127.0.0.1:46409/callback.html\",\"http://127.0.0.1:46409/login-callback.html\"] self-client http://127.0.0.1:46409/post-auth.html valid"}
{"level":"info","ts":"2025-09-14T12:26:14.677Z","msg":"client_found self-client"}
{"level":"info","ts":"2025-09-14T12:26:14.677Z","msg":"scope_validation self-client openid email profile valid"}
{"level":"info","ts":"2025-09-14T12:26:14.677Z","msg":"client_found self-client"}

[90mstdout[2m | app/system/api.system.test.mjs[2m > [22m[2msystem: express server authorize -> token -> userinfo[2m > [22m[2mflows from authorize to userinfo
[22m[39m{"level":"info","ts":"2025-09-14T12:26:14.679Z","msg":"redirect http://127.0.0.1:46409/post-auth.html?code=01K5431C8N7K15H7Y533APVQZT&state=17-ViID0Y9xYdpLRzoRLXJu8-OEzntKY"}

[90mstdout[2m | app/system/api.system.test.mjs[2m > [22m[2msystem: express server authorize -> token -> userinfo[2m > [22m[2mflows from authorize to userinfo
[22m[39m{"level":"info","ts":"2025-09-14T12:26:14.728Z","msg":"token_request self-client http://127.0.0.1:46409/post-auth.html has_code: ***26chars"}
{"level":"info","ts":"2025-09-14T12:26:14.728Z","msg":"client_found self-client"}
{"level":"info","ts":"2025-09-14T12:26:14.728Z","msg":"token_request_parameters_present self-client {\"hasCode\":true,\"hasRedirect\":true,\"hasPkceVerifier\":true,\"pkceRequired\":true} ***26chars"}
{"level":"info","ts":"2025-09-14T12:26:14.729Z","msg":"client_found self-client"}
{"level":"info","ts":"2025-09-14T12:26:14.729Z","msg":"client_auth_success public_client self-client"}
{"level":"info","ts":"2025-09-14T12:26:14.729Z","msg":"client_authenticated self-client"}

[90mstdout[2m | app/system/api.system.test.mjs[2m > [22m[2msystem: express server authorize -> token -> userinfo[2m > [22m[2mflows from authorize to userinfo
[22m[39m{"level":"info","ts":"2025-09-14T12:26:14.729Z","msg":"token_request_validation row for code {\"codeExists\":true} ***26chars"}
{"level":"info","ts":"2025-09-14T12:26:14.729Z","msg":"authorization_code_found {\"sub\":\"test-user\",\"client\":\"self-client\"} ***26chars"}
{"level":"info","ts":"2025-09-14T12:26:14.729Z","msg":"authorization_code_valid {\"used\":false,\"ttl\":1757852954,\"now\":1757852774}"}
{"level":"info","ts":"2025-09-14T12:26:14.729Z","msg":"authorization_code_challenge_method S256"}
{"level":"info","ts":"2025-09-14T12:26:14.729Z","msg":"token_client_id_validated self-client {\"clientValidated\":true} ***26chars"}
{"level":"info","ts":"2025-09-14T12:26:14.729Z","msg":"token_redirect_uri_validated http://127.0.0.1:46409/post-auth.html {\"redirectValidated\":true} ***26chars"}
{"level":"info","ts":"2025-09-14T12:26:14.729Z","msg":"pkce_verification_success {\"challengeMethod\":\"S256\"}"}
{"level":"info","ts":"2025-09-14T12:26:14.729Z","msg":"token_request_validated self-client {\"codeValidated\":true,\"sub\":\"test-user\"} ***26chars"}

[90mstdout[2m | app/system/api.system.test.mjs[2m > [22m[2msystem: express server authorize -> token -> userinfo[2m > [22m[2mflows from authorize to userinfo
[22m[39m{"level":"info","ts":"2025-09-14T12:26:14.730Z","msg":"generating_new_keys"}

[90mstdout[2m | app/system/api.system.test.mjs[2m > [22m[2msystem: express server authorize -> token -> userinfo[2m > [22m[2mflows from authorize to userinfo
[22m[39m{"level":"info","ts":"2025-09-14T12:26:14.839Z","msg":"keys_saved_to_store"}

[90mstdout[2m | app/system/api.system.test.mjs[2m > [22m[2msystem: express server authorize -> token -> userinfo[2m > [22m[2mflows from authorize to userinfo
[22m[39m{"level":"info","ts":"2025-09-14T12:26:14.844Z","msg":"token_issued test-user"}

[90mstdout[2m | app/system/api.system.test.mjs[2m > [22m[2msystem: express server authorize -> token -> userinfo[2m > [22m[2mflows from authorize to userinfo
[22m[39m{"level":"info","ts":"2025-09-14T12:26:14.853Z","msg":"userinfo_request"}
{"level":"info","ts":"2025-09-14T12:26:14.853Z","msg":"validating_access_token"}

[90mstdout[2m | app/system/api.system.test.mjs[2m > [22m[2msystem: express server authorize -> token -> userinfo[2m > [22m[2mflows from authorize to userinfo
[22m[39m{"level":"info","ts":"2025-09-14T12:26:14.854Z","msg":"access_token_valid sub: test-user"}
{"level":"info","ts":"2025-09-14T12:26:14.854Z","msg":"no_users_table_configured"}

[90mstdout[2m | app/system/api.system.test.mjs[2m > [22m[2msystem: express server authorize -> token -> userinfo[2m > [22m[2mflows from authorize to userinfo
[22m[39m{"level":"info","ts":"2025-09-14T12:26:14.857Z","msg":"userinfo_request"}
{"level":"info","ts":"2025-09-14T12:26:14.857Z","msg":"validating_access_token"}

[90mstderr[2m | app/system/web.system.test.mjs[2m > [22m[2msystem(jsdom): web UI basics without Playwright[2m > [22m[2mindex.html shows login status and adds logout when logged in; clicking logout clears tokens and reloads
[22m[39mError: Not implemented: navigation (except hash changes)
    at module.exports (/home/runner/work/oidc/oidc/node_modules/jsdom/lib/jsdom/browser/not-implemented.js:9:17)
    at navigateFetch (/home/runner/work/oidc/oidc/node_modules/jsdom/lib/jsdom/living/window/navigation.js:77:3)
    at exports.navigate (/home/runner/work/oidc/oidc/node_modules/jsdom/lib/jsdom/living/window/navigation.js:55:3)
    at LocationImpl.reload (/home/runner/work/oidc/oidc/node_modules/jsdom/lib/jsdom/living/window/Location-impl.js:226:5)
    at Location.reload (/home/runner/work/oidc/oidc/node_modules/jsdom/lib/jsdom/living/generated/Location.js:102:36)
    at HTMLButtonElement.eval (eval at loadHtmlAndScripts (/home/runner/work/oidc/oidc/app/system/web.system.test.mjs:41:18), <anonymous>:119:20)
    at HTMLButtonElement.callTheUserObjectsOperation (/home/runner/work/oidc/oidc/node_modules/jsdom/lib/jsdom/living/generated/EventListener.js:26:30)
    at innerInvokeEventListeners (/home/runner/work/oidc/oidc/node_modules/jsdom/lib/jsdom/living/events/EventTarget-impl.js:350:25)
    at invokeEventListeners (/home/runner/work/oidc/oidc/node_modules/jsdom/lib/jsdom/living/events/EventTarget-impl.js:286:3)
    at HTMLButtonElementImpl._dispatch (/home/runner/work/oidc/oidc/node_modules/jsdom/lib/jsdom/living/events/EventTarget-impl.js:233:9) [90mundefined[39m

[90mstdout[2m | app/system/api.system.test.mjs[2m > [22m[2msystem: express server authorize -> token -> userinfo[2m > [22m[2mflows from authorize to userinfo
[22m[39m{"level":"info","ts":"2025-09-14T12:26:14.858Z","msg":"local_jwk_verification_failed signature verification failed"}

[90mstdout[2m | app/system/api.system.test.mjs[2m > [22m[2msystem: express server authorize -> token -> userinfo[2m > [22m[2mflows from authorize to userinfo
[22m[39m{"level":"info","ts":"2025-09-14T12:26:14.867Z","msg":"jwks_request"}

[90mstderr[2m | app/system/api.system.test.mjs[2m > [22m[2msystem: express server authorize -> token -> userinfo[2m > [22m[2mflows from authorize to userinfo
[22m[39mjwt_verification_failed signature verification failed

 [32m✓[39m app/system/api.system.test.mjs [2m([22m[2m1 test[22m[2m)[22m[33m 419[2mms[22m[39m
   [33m[2m✓[22m[39m system: express server authorize -> token -> userinfo[2m > [22mflows from authorize to userinfo [33m 411[2mms[22m[39m
 [32m✓[39m app/system/web.system.test.mjs [2m([22m[2m2 tests[22m[2m)[22m[32m 103[2mms[22m[39m

[2m Test Files [22m [1m[32m2 passed[39m[22m[90m (2)[39m
[2m      Tests [22m [1m[32m3 passed[39m[22m[90m (3)[39m
[2m   Start at [22m 12:26:14
[2m   Duration [22m 792ms[2m (transform 107ms, setup 0ms, collect 121ms, tests 523ms, environment 409ms, prepare 170ms)[22m

